❯ find data/2_processed/train_npy -type f -size -10k -delete
find data/2_processed/val_npy -type f -size -10k -delete
find data/2_processed/test_npy -type f -size -10k -delete
❯ python3 src/verify_data.py

🔍 Checking 30995 files in data/2_processed/train_npy...
100%|█████████████████████████████████████████████████████████████████████████████████████████████████████████████████████████████████████████████████████████| 30995/30995 [00:01<00:00, 22131.67it/s]
✅ SUCCESS: All files in data/2_processed/train_npy are exactly (60, 134)!

🔍 Checking 1735 files in data/2_processed/val_npy...
100%|███████████████████████████████████████████████████████████████████████████████████████████████████████████████████████████████████████████████████████████| 1735/1735 [00:00<00:00, 22798.06it/s]
✅ SUCCESS: All files in data/2_processed/val_npy are exactly (60, 134)!

🔍 Checking 2339 files in data/2_processed/test_npy...
100%|███████████████████████████████████████████████████████████████████████████████████████████████████████████████████████████████████████████████████████████| 2339/2339 [00:00<00:00, 22843.80it/s]
✅ SUCCESS: All files in data/2_processed/test_npy are exactly (60, 134)!

🚀 DATA VERIFIED: Your M3 is ready for a clean training run!


 ❯ python3 main.py --mode train

🚀 Starting Training Process...

M3 GPU Cache Cleared.

Vocab loaded from models/vocab.json

--- Dataset Initialized ---

Source: data/0_metadata/how2sign_realigned_train.csv

Mapped Specimens: 30995

--- Dataset Initialized ---

Source: data/0_metadata/how2sign_realigned_val.csv

Mapped Specimens: 1735


🚀 Running sanity check on 30995 specimens...

  Batch 485/485 | Loss: 6.5997 | LR: 0.000500 | TF: 0.75

Epoch: 01 | Time: 381.66s | Train: 6.6288 | Val: 6.6104

✨ Best Model Saved!

  Batch 485/485 | Loss: 5.9872 | LR: 0.000500 | TF: 0.73

Epoch: 02 | Time: 344.92s | Train: 6.2812 | Val: 6.7271

  Batch 485/485 | Loss: 5.9970 | LR: 0.000500 | TF: 0.71

Epoch: 03 | Time: 326.80s | Train: 6.1144 | Val: 6.6588

  Batch 485/485 | Loss: 6.0183 | LR: 0.000500 | TF: 0.69

Epoch: 04 | Time: 325.86s | Train: 6.0458 | Val: 6.6592

  Batch 485/485 | Loss: 6.0140 | LR: 0.000500 | TF: 0.67

Epoch: 05 | Time: 322.70s | Train: 6.0027 | Val: 6.7122


[Validation Sample Translation]

  Target: we're going to work on a arm drill that will help you have graceful hand movements in front of you

  Pred:   so you can see the the the the the the the the the the the


  Batch 485/485 | Loss: 6.0833 | LR: 0.000500 | TF: 0.65

Epoch: 06 | Time: 321.00s | Train: 5.9790 | Val: 6.6781

  Batch 485/485 | Loss: 5.9174 | LR: 0.000250 | TF: 0.63

Epoch: 07 | Time: 323.89s | Train: 5.9469 | Val: 6.6430

  Batch 485/485 | Loss: 5.5354 | LR: 0.000250 | TF: 0.61

Epoch: 08 | Time: 323.17s | Train: 5.9418 | Val: 6.6872

  Batch 485/485 | Loss: 5.7957 | LR: 0.000250 | TF: 0.59

Epoch: 09 | Time: 328.25s | Train: 5.9546 | Val: 6.6518

  Batch 485/485 | Loss: 5.6512 | LR: 0.000250 | TF: 0.57

Epoch: 10 | Time: 326.16s | Train: 5.9609 | Val: 6.6249


[Validation Sample Translation]

  Target: we're going to work on a arm drill that will help you have graceful hand movements in front of you

  Pred:   so you to to the the


  Batch 485/485 | Loss: 5.8221 | LR: 0.000250 | TF: 0.55

Epoch: 11 | Time: 325.78s | Train: 5.9674 | Val: 6.6103

✨ Best Model Saved!

  Batch 485/485 | Loss: 5.8150 | LR: 0.000125 | TF: 0.53

Epoch: 12 | Time: 325.04s | Train: 5.9598 | Val: 6.5949

✨ Best Model Saved!

  Batch 485/485 | Loss: 5.9494 | LR: 0.000125 | TF: 0.51

Epoch: 13 | Time: 325.59s | Train: 5.9808 | Val: 6.5867

✨ Best Model Saved!

  Batch 485/485 | Loss: 5.9291 | LR: 0.000125 | TF: 0.50

Epoch: 14 | Time: 327.17s | Train: 5.9804 | Val: 6.5802

✨ Best Model Saved!

  Batch 485/485 | Loss: 5.9762 | LR: 0.000125 | TF: 0.50

Epoch: 15 | Time: 325.57s | Train: 5.9803 | Val: 6.5807


[Validation Sample Translation]

  Target: we're going to work on a arm drill that will help you have graceful hand movements in front of you

  Pred:   so you to to the the



✅ Sanity check complete. 